// Jest Snapshot v1, https://goo.gl/fbAQLP

exports[`Pruebas en GifItem debe de hacer match con el snapshot 1`] = `
<div>
  <div
    class="card"
  >
    <img
      alt="Saitama"
      src="https://oneasd.com/saitama.jpg"
    />
    <p
      class="text-slate-900"
    >
      Saitama
    </p>
  </div>
</div>
`;
